.next/dev/types/validator.ts(53,39): error TS2307: Cannot find module '../../../src/app/atelier/[handle]/page.js' or its corresponding type declarations.
.next/dev/types/validator.ts(62,39): error TS2307: Cannot find module '../../../src/app/atelier/[handle]/pulse/page.js' or its corresponding type declarations.
.next/dev/types/validator.ts(71,39): error TS2307: Cannot find module '../../../src/app/atelier/page.js' or its corresponding type declarations.
.next/dev/types/validator.ts(80,39): error TS2307: Cannot find module '../../../src/app/changelog/page.js' or its corresponding type declarations.
.next/dev/types/validator.ts(98,39): error TS2307: Cannot find module '../../../src/app/guild-hall/page.js' or its corresponding type declarations.
.next/dev/types/validator.ts(107,39): error TS2307: Cannot find module '../../../src/app/joint-ledger/page.js' or its corresponding type declarations.
.next/dev/types/validator.ts(125,39): error TS2307: Cannot find module '../../../src/app/manifesto/page.js' or its corresponding type declarations.
.next/dev/types/validator.ts(134,39): error TS2307: Cannot find module '../../../src/app/onboarding/page.js' or its corresponding type declarations.
.next/dev/types/validator.ts(152,39): error TS2307: Cannot find module '../../../src/app/project/[id]/page.js' or its corresponding type declarations.
.next/dev/types/validator.ts(170,39): error TS2307: Cannot find module '../../../src/app/skill-tree/page.js' or its corresponding type declarations.
.next/dev/types/validator.ts(179,39): error TS2307: Cannot find module '../../../src/app/tools/components/page.js' or its corresponding type declarations.
.next/dev/types/validator.ts(188,39): error TS2307: Cannot find module '../../../src/app/ui-library/page.js' or its corresponding type declarations.
.next/dev/types/validator.ts(197,39): error TS2307: Cannot find module '../../../src/app/vault/[id]/page.js' or its corresponding type declarations.
.next/dev/types/validator.ts(206,39): error TS2307: Cannot find module '../../../src/app/vault/page.js' or its corresponding type declarations.
